// Jest Snapshot v1, https://goo.gl/fbAQLP

exports[`Snapshot of RandomJoke component 1`] = `<RandomJoke />`;
